[1] $Id: AuDIT.R 95 2013-03-12 21:36:04Z manidr $
